2026-08-30 09:27:14 DOWNLOAD https://comune.collesano.pa.it/wp-content/uploads/2026/03/CONVOCAZIONE-CONSIGLIO-COMUNALE-–-Integrazione-ODG.pdf -> 3 retries failed: https://comune.collesano.pa.it/wp-content/uploads/2026/03/CONVOCAZIONE-CONSIGLIO-COMUNALE-–-Integrazione-ODG.pdf
2026-08-30 09:28:17 DOWNLOAD https://comune.collesano.pa.it/wp-content/uploads/2026/07/AVVISO-PUBBLICO-UN-BORGO-DI-LIBRI-–-FESTIVAL-DIFFUSO-DEL-LIBRO-DI-COLLESANO.pdf -> 3 retries failed: https://comune.collesano.pa.it/wp-content/uploads/2026/07/AVVISO-PUBBLICO-UN-BORGO-DI-LIBRI-–-FESTIVAL-DIFFUSO-DEL-LIBRO-DI-COLLESANO.pdf
2026-08-30 09:28:39 DOWNLOAD https://comune.collesano.pa.it/wp-content/uploads/2026/07/DELIBERAZIONE-N°-2-DEL-COMITATO-DEI-SINDACI-DEL-20-LUGLIO-2026-firmata.pdf -> 3 retries failed: https://comune.collesano.pa.it/wp-content/uploads/2026/07/DELIBERAZIONE-N°-2-DEL-COMITATO-DEI-SINDACI-DEL-20-LUGLIO-2026-firmata.pdf
2026-08-30 09:28:40 DOWNLOAD https://comune.collesano.pa.it/wp-content/uploads/2026/03/CONVOCAZIONE-CONSIGLIO-COMUNALE-–-Integrazione-ODG.pdf -> 3 retries failed: https://comune.collesano.pa.it/wp-content/uploads/2026/03/CONVOCAZIONE-CONSIGLIO-COMUNALE-–-Integrazione-ODG.pdf
2026-08-30 09:28:54 DOWNLOAD https://comune.collesano.pa.it/wp-content/uploads/2026/07/AVVISO-PUBBLICO-UN-BORGO-DI-LIBRI-–-FESTIVAL-DIFFUSO-DEL-LIBRO-DI-COLLESANO.pdf -> 3 retries failed: https://comune.collesano.pa.it/wp-content/uploads/2026/07/AVVISO-PUBBLICO-UN-BORGO-DI-LIBRI-–-FESTIVAL-DIFFUSO-DEL-LIBRO-DI-COLLESANO.pdf
2026-08-30 09:29:15 DOWNLOAD https://comune.collesano.pa.it/wp-content/uploads/2026/07/DELIBERAZIONE-N°-2-DEL-COMITATO-DEI-SINDACI-DEL-20-LUGLIO-2026-firmata.pdf -> 3 retries failed: https://comune.collesano.pa.it/wp-content/uploads/2026/07/DELIBERAZIONE-N°-2-DEL-COMITATO-DEI-SINDACI-DEL-20-LUGLIO-2026-firmata.pdf
2026-08-30 09:29:22 DOWNLOAD https://comune.collesano.pa.it/wp-content/uploads/2026/07/DELIBERAZIONE-N°-2-DEL-COMITATO-DEI-SINDACI-DEL-20-LUGLIO-2026-firmata.pdf -> 3 retries failed: https://comune.collesano.pa.it/wp-content/uploads/2026/07/DELIBERAZIONE-N°-2-DEL-COMITATO-DEI-SINDACI-DEL-20-LUGLIO-2026-firmata.pdf
2026-08-30 09:29:45 DOWNLOAD https://comune.collesano.pa.it/wp-content/uploads/2026/07/AVVISO-PUBBLICO-UN-BORGO-DI-LIBRI-–-FESTIVAL-DIFFUSO-DEL-LIBRO-DI-COLLESANO.pdf -> 3 retries failed: https://comune.collesano.pa.it/wp-content/uploads/2026/07/AVVISO-PUBBLICO-UN-BORGO-DI-LIBRI-–-FESTIVAL-DIFFUSO-DEL-LIBRO-DI-COLLESANO.pdf
2026-08-30 09:29:54 DOWNLOAD https://comune.collesano.pa.it/wp-content/uploads/2026/07/DELIBERAZIONE-N°-2-DEL-COMITATO-DEI-SINDACI-DEL-20-LUGLIO-2026-firmata.pdf -> 3 retries failed: https://comune.collesano.pa.it/wp-content/uploads/2026/07/DELIBERAZIONE-N°-2-DEL-COMITATO-DEI-SINDACI-DEL-20-LUGLIO-2026-firmata.pdf
2026-08-30 09:30:13 DOWNLOAD https://comune.collesano.pa.it/wp-content/uploads/2026/07/AVVISO-PUBBLICO-UN-BORGO-DI-LIBRI-–-FESTIVAL-DIFFUSO-DEL-LIBRO-DI-COLLESANO.pdf -> 3 retries failed: https://comune.collesano.pa.it/wp-content/uploads/2026/07/AVVISO-PUBBLICO-UN-BORGO-DI-LIBRI-–-FESTIVAL-DIFFUSO-DEL-LIBRO-DI-COLLESANO.pdf
2026-08-30 09:30:51 DOWNLOAD https://comune.collesano.pa.it/wp-content/uploads/2026/03/CONVOCAZIONE-CONSIGLIO-COMUNALE-–-Integrazione-ODG.pdf -> 3 retries failed: https://comune.collesano.pa.it/wp-content/uploads/2026/03/CONVOCAZIONE-CONSIGLIO-COMUNALE-–-Integrazione-ODG.pdf
2026-08-30 09:30:57 DOWNLOAD https://comune.collesano.pa.it/wp-content/uploads/2026/03/CONVOCAZIONE-CONSIGLIO-COMUNALE-–-Integrazione-ODG.pdf -> 3 retries failed: https://comune.collesano.pa.it/wp-content/uploads/2026/03/CONVOCAZIONE-CONSIGLIO-COMUNALE-–-Integrazione-ODG.pdf
2026-08-30 09:36:46 EMPTY https://trasparenza.comune.collesano.pa.it/sito/attachments/article/12/Errata%20Corrige%20Circolare%206%20del%2018.03.2021.PDF
2026-08-30 09:36:46 EMPTY https://trasparenza.comune.collesano.pa.it/sito/attachments/article/12/Errata%20Corrige%20Circolare%206%20del%2018.03.2021.PDF
2026-08-30 09:36:47 EMPTY https://trasparenza.comune.collesano.pa.it/sito/attachments/article/12/Errata%20Corrige%20Circolare%206%20del%2018.03.2021.PDF
2026-08-30 09:36:47 EMPTY https://trasparenza.comune.collesano.pa.it/sito/attachments/article/12/Errata%20Corrige%20Circolare%206%20del%2018.03.2021.PDF
2026-08-30 09:37:29 DOWNLOAD https://trasparenza.comune.collesano.pa.it/sito/attachments/article/36/avviso%20raccolta%20differenziata%20festività%201°%20maggio%202021.pdf -> 3 retries failed: https://trasparenza.comune.collesano.pa.it/sito/attachments/article/36/avviso%20raccolta%20differenziata%20festività%201°%20maggio%202021.pdf
2026-08-30 09:37:29 DOWNLOAD https://trasparenza.comune.collesano.pa.it/sito/attachments/article/36/avviso%20raccolta%20differenziata%20festività%201°%20maggio%202021.pdf -> 3 retries failed: https://trasparenza.comune.collesano.pa.it/sito/attachments/article/36/avviso%20raccolta%20differenziata%20festività%201°%20maggio%202021.pdf
2026-08-30 09:37:41 DOWNLOAD https://trasparenza.comune.collesano.pa.it/sito/attachments/article/36/avviso%20raccolta%20differenziata%20festività%201°%20maggio%202021.pdf -> 3 retries failed: https://trasparenza.comune.collesano.pa.it/sito/attachments/article/36/avviso%20raccolta%20differenziata%20festività%201°%20maggio%202021.pdf
2026-08-30 09:37:41 DOWNLOAD https://trasparenza.comune.collesano.pa.it/sito/attachments/article/36/avviso%20raccolta%20differenziata%20festività%201°%20maggio%202021.pdf -> 3 retries failed: https://trasparenza.comune.collesano.pa.it/sito/attachments/article/36/avviso%20raccolta%20differenziata%20festività%201°%20maggio%202021.pdf
2026-08-30 09:38:30 DOWNLOAD https://trasparenza.comune.collesano.pa.it/sito/attachments/article/62/istanza%20voucher%20solidarietà.pdf -> 3 retries failed: https://trasparenza.comune.collesano.pa.it/sito/attachments/article/62/istanza%20voucher%20solidarietà.pdf
2026-08-30 09:38:32 DOWNLOAD https://trasparenza.comune.collesano.pa.it/sito/attachments/article/62/istanza%20voucher%20solidarietà.pdf -> 3 retries failed: https://trasparenza.comune.collesano.pa.it/sito/attachments/article/62/istanza%20voucher%20solidarietà.pdf
2026-08-30 09:38:42 DOWNLOAD https://trasparenza.comune.collesano.pa.it/sito/attachments/article/62/istanza%20voucher%20solidarietà.pdf -> 3 retries failed: https://trasparenza.comune.collesano.pa.it/sito/attachments/article/62/istanza%20voucher%20solidarietà.pdf
2026-08-30 09:38:44 DOWNLOAD https://trasparenza.comune.collesano.pa.it/sito/attachments/article/62/istanza%20voucher%20solidarietà.pdf -> 3 retries failed: https://trasparenza.comune.collesano.pa.it/sito/attachments/article/62/istanza%20voucher%20solidarietà.pdf
2026-08-30 09:41:24 EMPTY https://trasparenza.comune.collesano.pa.it/sito/attachments/article/171/Avviso%20n.21262%20del%2019.09.2021%20rischio%20meteo%20idrogeologico%20e%20idraulico.pdf
2026-08-30 09:41:24 EMPTY https://trasparenza.comune.collesano.pa.it/sito/attachments/article/171/Avviso%20n.21262%20del%2019.09.2021%20rischio%20meteo%20idrogeologico%20e%20idraulico.pdf
